
> estoque-pro@0.1.0 test:run
> vitest run


[1m[46m RUN [49m[22m [36mv4.1.0 [39m[90mC:/Users/otacilio.neto/Desktop/Douglas/estoque-pro[39m

 [31mÔØ»[39m src/services/__tests__/OrderServiceV2.test.ts [2m([22m[2m0 test[22m[2m)[22m
node.exe : 
No linha:1 caractere:1
+ & "C:\Program 
Files\nodejs/node.exe" 
"C:\Program 
Files\nodejs/node_mo 
...
+ ~~~~~~~~~~~~~~~~~~~~~
~~~~~~~~~~~~~~~~~~~~~~~
~~~~~~~~~~~~~~~~~~~~~~~
~~
    + CategoryInfo     
         : NotSpecifi  
  ed: (:String) [],    
 RemoteException
    + FullyQualifiedEr 
   rorId : NativeComm  
  andError
 
[31mÔÄ»ÔÄ»ÔÄ»ÔÄ»ÔÄ»ÔÄ»
[39m[1m[41m Failed 
Suites 1 [49m[22m[31
mÔÄ»ÔÄ»ÔÄ»ÔÄ»ÔÄ»ÔÄ»ÔÄ»
[39m

[41m[1m FAIL 
[22m[49m src/services
/__tests__/OrderService
V2.test.ts[2m [ src/se
rvices/__tests__/OrderS
erviceV2.test.ts ][22m
[31m[1mError[22m: 
[vitest] There was an 
error when mocking a 
module. If you are 
using "vi.mock" 
factory, make sure 
there are no top level 
variables inside, 
since this call is 
hoisted to top of the 
file. Read more: https:
//vitest.dev/api/vi.htm
l#vi-mock[39m
[36m [2mÔØ»[22m src/
services/OrderServiceV2
.ts:[2m1:1[22m[39m
    [90m  1|[39m 
[35mimport[39m db 
[35mfrom[39m [32m"@/
lib/db"[39m[33m;[39m
    [90m   |[39m 
[31m^[39m
    [90m  2|[39m
    [90m  3|[39m 
[90m// Status 
v├ílidos do 
sistema[39m

[31m[1mCaused by: 
ReferenceError[22m: 
Cannot access 
'mockPrepare' before 
initialization[39m
[36m [2mÔØ»[22m src/
services/__tests__/Orde
rServiceV2.test.ts:[2m
13:23[22m[39m

[31m[2mÔÄ»ÔÄ»ÔÄ»ÔÄ»ÔÄ
»ÔÄ»ÔÄ»ÔÄ»ÔÄ»ÔÄ»ÔÄ»ÔÄ»Ô
Ä»ÔÄ»ÔÄ»ÔÄ»ÔÄ»ÔÄ»ÔÄ»ÔÄ»
ÔÄ»ÔÄ»ÔÄ»ÔÄ»[1/1]ÔÄ»[2
2m[39m


[2m Test Files [22m [1m[31m1 failed[39m[22m[90m (1)[39m
[2m      Tests [22m [2mno tests[22m
[2m   Start at [22m 21:33:18
[2m   Duration [22m 361ms[2m (transform 27ms, setup 0ms, import 0ms, tests 0ms, environment 0ms)[22m

